------------------------------------------------------------
Timing Analyzer Summary
------------------------------------------------------------

Type  : Slow 1100mV 85C Model Setup 'clock_divider:CDIV|temp_clk'
Slack : -9.887
TNS   : -319.597

Type  : Slow 1100mV 85C Model Setup 'vga_sync:VSYN|vert_sync_out'
Slack : -6.975
TNS   : -954.999

Type  : Slow 1100mV 85C Model Setup 'CLOCK_50'
Slack : -5.312
TNS   : -211.971

Type  : Slow 1100mV 85C Model Setup 'game_logic:GLOG|MOUSE:Mouse1|MOUSE_CLK_FILTER'
Slack : -5.294
TNS   : -158.684

Type  : Slow 1100mV 85C Model Hold 'CLOCK_50'
Slack : -0.526
TNS   : -0.794

Type  : Slow 1100mV 85C Model Hold 'vga_sync:VSYN|vert_sync_out'
Slack : 0.205
TNS   : 0.000

Type  : Slow 1100mV 85C Model Hold 'game_logic:GLOG|MOUSE:Mouse1|MOUSE_CLK_FILTER'
Slack : 0.541
TNS   : 0.000

Type  : Slow 1100mV 85C Model Hold 'clock_divider:CDIV|temp_clk'
Slack : 0.750
TNS   : 0.000

Type  : Slow 1100mV 85C Model Recovery 'game_logic:GLOG|MOUSE:Mouse1|MOUSE_CLK_FILTER'
Slack : -3.646
TNS   : -56.300

Type  : Slow 1100mV 85C Model Removal 'game_logic:GLOG|MOUSE:Mouse1|MOUSE_CLK_FILTER'
Slack : 2.304
TNS   : 0.000

Type  : Slow 1100mV 85C Model Minimum Pulse Width 'CLOCK_50'
Slack : -2.636
TNS   : -225.644

Type  : Slow 1100mV 85C Model Minimum Pulse Width 'vga_sync:VSYN|vert_sync_out'
Slack : -0.538
TNS   : -148.345

Type  : Slow 1100mV 85C Model Minimum Pulse Width 'clock_divider:CDIV|temp_clk'
Slack : -0.538
TNS   : -61.301

Type  : Slow 1100mV 85C Model Minimum Pulse Width 'game_logic:GLOG|MOUSE:Mouse1|MOUSE_CLK_FILTER'
Slack : -0.538
TNS   : -28.581

Type  : Slow 1100mV 0C Model Setup 'clock_divider:CDIV|temp_clk'
Slack : -10.263
TNS   : -318.875

Type  : Slow 1100mV 0C Model Setup 'vga_sync:VSYN|vert_sync_out'
Slack : -7.040
TNS   : -982.858

Type  : Slow 1100mV 0C Model Setup 'game_logic:GLOG|MOUSE:Mouse1|MOUSE_CLK_FILTER'
Slack : -5.334
TNS   : -158.961

Type  : Slow 1100mV 0C Model Setup 'CLOCK_50'
Slack : -5.149
TNS   : -197.463

Type  : Slow 1100mV 0C Model Hold 'CLOCK_50'
Slack : -0.765
TNS   : -1.298

Type  : Slow 1100mV 0C Model Hold 'vga_sync:VSYN|vert_sync_out'
Slack : 0.186
TNS   : 0.000

Type  : Slow 1100mV 0C Model Hold 'game_logic:GLOG|MOUSE:Mouse1|MOUSE_CLK_FILTER'
Slack : 0.637
TNS   : 0.000

Type  : Slow 1100mV 0C Model Hold 'clock_divider:CDIV|temp_clk'
Slack : 0.735
TNS   : 0.000

Type  : Slow 1100mV 0C Model Recovery 'game_logic:GLOG|MOUSE:Mouse1|MOUSE_CLK_FILTER'
Slack : -3.692
TNS   : -57.210

Type  : Slow 1100mV 0C Model Removal 'game_logic:GLOG|MOUSE:Mouse1|MOUSE_CLK_FILTER'
Slack : 2.496
TNS   : 0.000

Type  : Slow 1100mV 0C Model Minimum Pulse Width 'CLOCK_50'
Slack : -2.636
TNS   : -228.237

Type  : Slow 1100mV 0C Model Minimum Pulse Width 'vga_sync:VSYN|vert_sync_out'
Slack : -0.538
TNS   : -146.360

Type  : Slow 1100mV 0C Model Minimum Pulse Width 'clock_divider:CDIV|temp_clk'
Slack : -0.538
TNS   : -60.465

Type  : Slow 1100mV 0C Model Minimum Pulse Width 'game_logic:GLOG|MOUSE:Mouse1|MOUSE_CLK_FILTER'
Slack : -0.538
TNS   : -27.714

Type  : Fast 1100mV 85C Model Setup 'clock_divider:CDIV|temp_clk'
Slack : -4.666
TNS   : -136.399

Type  : Fast 1100mV 85C Model Setup 'vga_sync:VSYN|vert_sync_out'
Slack : -3.131
TNS   : -401.359

Type  : Fast 1100mV 85C Model Setup 'CLOCK_50'
Slack : -2.874
TNS   : -90.555

Type  : Fast 1100mV 85C Model Setup 'game_logic:GLOG|MOUSE:Mouse1|MOUSE_CLK_FILTER'
Slack : -2.509
TNS   : -68.753

Type  : Fast 1100mV 85C Model Hold 'CLOCK_50'
Slack : -0.428
TNS   : -0.640

Type  : Fast 1100mV 85C Model Hold 'vga_sync:VSYN|vert_sync_out'
Slack : 0.043
TNS   : 0.000

Type  : Fast 1100mV 85C Model Hold 'game_logic:GLOG|MOUSE:Mouse1|MOUSE_CLK_FILTER'
Slack : 0.147
TNS   : 0.000

Type  : Fast 1100mV 85C Model Hold 'clock_divider:CDIV|temp_clk'
Slack : 0.298
TNS   : 0.000

Type  : Fast 1100mV 85C Model Recovery 'game_logic:GLOG|MOUSE:Mouse1|MOUSE_CLK_FILTER'
Slack : -1.543
TNS   : -23.435

Type  : Fast 1100mV 85C Model Removal 'game_logic:GLOG|MOUSE:Mouse1|MOUSE_CLK_FILTER'
Slack : 1.089
TNS   : 0.000

Type  : Fast 1100mV 85C Model Minimum Pulse Width 'CLOCK_50'
Slack : -2.174
TNS   : -140.712

Type  : Fast 1100mV 85C Model Minimum Pulse Width 'vga_sync:VSYN|vert_sync_out'
Slack : -0.115
TNS   : -3.457

Type  : Fast 1100mV 85C Model Minimum Pulse Width 'game_logic:GLOG|MOUSE:Mouse1|MOUSE_CLK_FILTER'
Slack : -0.049
TNS   : -0.049

Type  : Fast 1100mV 85C Model Minimum Pulse Width 'clock_divider:CDIV|temp_clk'
Slack : 0.037
TNS   : 0.000

Type  : Fast 1100mV 0C Model Setup 'clock_divider:CDIV|temp_clk'
Slack : -4.443
TNS   : -122.313

Type  : Fast 1100mV 0C Model Setup 'vga_sync:VSYN|vert_sync_out'
Slack : -2.879
TNS   : -375.800

Type  : Fast 1100mV 0C Model Setup 'CLOCK_50'
Slack : -2.408
TNS   : -68.736

Type  : Fast 1100mV 0C Model Setup 'game_logic:GLOG|MOUSE:Mouse1|MOUSE_CLK_FILTER'
Slack : -2.377
TNS   : -65.916

Type  : Fast 1100mV 0C Model Hold 'CLOCK_50'
Slack : -0.534
TNS   : -0.888

Type  : Fast 1100mV 0C Model Hold 'vga_sync:VSYN|vert_sync_out'
Slack : 0.029
TNS   : 0.000

Type  : Fast 1100mV 0C Model Hold 'game_logic:GLOG|MOUSE:Mouse1|MOUSE_CLK_FILTER'
Slack : 0.172
TNS   : 0.000

Type  : Fast 1100mV 0C Model Hold 'clock_divider:CDIV|temp_clk'
Slack : 0.263
TNS   : 0.000

Type  : Fast 1100mV 0C Model Recovery 'game_logic:GLOG|MOUSE:Mouse1|MOUSE_CLK_FILTER'
Slack : -1.501
TNS   : -22.926

Type  : Fast 1100mV 0C Model Removal 'game_logic:GLOG|MOUSE:Mouse1|MOUSE_CLK_FILTER'
Slack : 1.129
TNS   : 0.000

Type  : Fast 1100mV 0C Model Minimum Pulse Width 'CLOCK_50'
Slack : -2.174
TNS   : -140.831

Type  : Fast 1100mV 0C Model Minimum Pulse Width 'vga_sync:VSYN|vert_sync_out'
Slack : -0.052
TNS   : -1.045

Type  : Fast 1100mV 0C Model Minimum Pulse Width 'game_logic:GLOG|MOUSE:Mouse1|MOUSE_CLK_FILTER'
Slack : -0.026
TNS   : -0.026

Type  : Fast 1100mV 0C Model Minimum Pulse Width 'clock_divider:CDIV|temp_clk'
Slack : 0.067
TNS   : 0.000

------------------------------------------------------------
