------------------------------------------------------------
Timing Analyzer Summary
------------------------------------------------------------

Type  : Slow 1100mV 85C Model Setup 'clock_divider:CDIV|temp_clk'
Slack : -5.256
TNS   : -280.983

Type  : Slow 1100mV 85C Model Setup 'vga_sync:VSYN|vert_sync_out'
Slack : -4.699
TNS   : -91.890

Type  : Slow 1100mV 85C Model Setup 'game_logic:GLOG|MOUSE:Mouse1|MOUSE_CLK_FILTER'
Slack : -3.722
TNS   : -96.406

Type  : Slow 1100mV 85C Model Setup 'CLOCK_50'
Slack : -2.822
TNS   : -2.822

Type  : Slow 1100mV 85C Model Hold 'clock_divider:CDIV|temp_clk'
Slack : 0.271
TNS   : 0.000

Type  : Slow 1100mV 85C Model Hold 'vga_sync:VSYN|vert_sync_out'
Slack : 0.461
TNS   : 0.000

Type  : Slow 1100mV 85C Model Hold 'game_logic:GLOG|MOUSE:Mouse1|MOUSE_CLK_FILTER'
Slack : 0.720
TNS   : 0.000

Type  : Slow 1100mV 85C Model Hold 'CLOCK_50'
Slack : 0.782
TNS   : 0.000

Type  : Slow 1100mV 85C Model Recovery 'game_logic:GLOG|MOUSE:Mouse1|MOUSE_CLK_FILTER'
Slack : -1.593
TNS   : -22.185

Type  : Slow 1100mV 85C Model Removal 'game_logic:GLOG|MOUSE:Mouse1|MOUSE_CLK_FILTER'
Slack : 0.388
TNS   : 0.000

Type  : Slow 1100mV 85C Model Minimum Pulse Width 'clock_divider:CDIV|temp_clk'
Slack : -2.636
TNS   : -128.167

Type  : Slow 1100mV 85C Model Minimum Pulse Width 'CLOCK_50'
Slack : -0.560
TNS   : -1.098

Type  : Slow 1100mV 85C Model Minimum Pulse Width 'game_logic:GLOG|MOUSE:Mouse1|MOUSE_CLK_FILTER'
Slack : -0.538
TNS   : -28.673

Type  : Slow 1100mV 85C Model Minimum Pulse Width 'vga_sync:VSYN|vert_sync_out'
Slack : -0.538
TNS   : -20.250

Type  : Slow 1100mV 0C Model Setup 'clock_divider:CDIV|temp_clk'
Slack : -5.443
TNS   : -277.042

Type  : Slow 1100mV 0C Model Setup 'vga_sync:VSYN|vert_sync_out'
Slack : -4.590
TNS   : -92.718

Type  : Slow 1100mV 0C Model Setup 'game_logic:GLOG|MOUSE:Mouse1|MOUSE_CLK_FILTER'
Slack : -3.753
TNS   : -92.576

Type  : Slow 1100mV 0C Model Setup 'CLOCK_50'
Slack : -2.682
TNS   : -2.682

Type  : Slow 1100mV 0C Model Hold 'clock_divider:CDIV|temp_clk'
Slack : 0.372
TNS   : 0.000

Type  : Slow 1100mV 0C Model Hold 'vga_sync:VSYN|vert_sync_out'
Slack : 0.483
TNS   : 0.000

Type  : Slow 1100mV 0C Model Hold 'game_logic:GLOG|MOUSE:Mouse1|MOUSE_CLK_FILTER'
Slack : 0.676
TNS   : 0.000

Type  : Slow 1100mV 0C Model Hold 'CLOCK_50'
Slack : 0.741
TNS   : 0.000

Type  : Slow 1100mV 0C Model Recovery 'game_logic:GLOG|MOUSE:Mouse1|MOUSE_CLK_FILTER'
Slack : -1.446
TNS   : -20.433

Type  : Slow 1100mV 0C Model Removal 'game_logic:GLOG|MOUSE:Mouse1|MOUSE_CLK_FILTER'
Slack : 0.400
TNS   : 0.000

Type  : Slow 1100mV 0C Model Minimum Pulse Width 'clock_divider:CDIV|temp_clk'
Slack : -2.636
TNS   : -126.641

Type  : Slow 1100mV 0C Model Minimum Pulse Width 'CLOCK_50'
Slack : -0.606
TNS   : -1.144

Type  : Slow 1100mV 0C Model Minimum Pulse Width 'game_logic:GLOG|MOUSE:Mouse1|MOUSE_CLK_FILTER'
Slack : -0.538
TNS   : -27.528

Type  : Slow 1100mV 0C Model Minimum Pulse Width 'vga_sync:VSYN|vert_sync_out'
Slack : -0.538
TNS   : -20.134

Type  : Fast 1100mV 85C Model Setup 'clock_divider:CDIV|temp_clk'
Slack : -2.422
TNS   : -107.550

Type  : Fast 1100mV 85C Model Setup 'CLOCK_50'
Slack : -2.045
TNS   : -2.045

Type  : Fast 1100mV 85C Model Setup 'vga_sync:VSYN|vert_sync_out'
Slack : -2.017
TNS   : -37.508

Type  : Fast 1100mV 85C Model Setup 'game_logic:GLOG|MOUSE:Mouse1|MOUSE_CLK_FILTER'
Slack : -1.719
TNS   : -39.730

Type  : Fast 1100mV 85C Model Hold 'clock_divider:CDIV|temp_clk'
Slack : -0.055
TNS   : -0.068

Type  : Fast 1100mV 85C Model Hold 'vga_sync:VSYN|vert_sync_out'
Slack : 0.283
TNS   : 0.000

Type  : Fast 1100mV 85C Model Hold 'game_logic:GLOG|MOUSE:Mouse1|MOUSE_CLK_FILTER'
Slack : 0.357
TNS   : 0.000

Type  : Fast 1100mV 85C Model Hold 'CLOCK_50'
Slack : 0.872
TNS   : 0.000

Type  : Fast 1100mV 85C Model Recovery 'game_logic:GLOG|MOUSE:Mouse1|MOUSE_CLK_FILTER'
Slack : -0.628
TNS   : -8.846

Type  : Fast 1100mV 85C Model Removal 'game_logic:GLOG|MOUSE:Mouse1|MOUSE_CLK_FILTER'
Slack : 0.229
TNS   : 0.000

Type  : Fast 1100mV 85C Model Minimum Pulse Width 'clock_divider:CDIV|temp_clk'
Slack : -2.174
TNS   : -31.990

Type  : Fast 1100mV 85C Model Minimum Pulse Width 'CLOCK_50'
Slack : -0.529
TNS   : -0.710

Type  : Fast 1100mV 85C Model Minimum Pulse Width 'game_logic:GLOG|MOUSE:Mouse1|MOUSE_CLK_FILTER'
Slack : 0.138
TNS   : 0.000

Type  : Fast 1100mV 85C Model Minimum Pulse Width 'vga_sync:VSYN|vert_sync_out'
Slack : 0.138
TNS   : 0.000

Type  : Fast 1100mV 0C Model Setup 'clock_divider:CDIV|temp_clk'
Slack : -2.279
TNS   : -92.354

Type  : Fast 1100mV 0C Model Setup 'vga_sync:VSYN|vert_sync_out'
Slack : -1.748
TNS   : -33.016

Type  : Fast 1100mV 0C Model Setup 'CLOCK_50'
Slack : -1.725
TNS   : -1.725

Type  : Fast 1100mV 0C Model Setup 'game_logic:GLOG|MOUSE:Mouse1|MOUSE_CLK_FILTER'
Slack : -1.587
TNS   : -35.537

Type  : Fast 1100mV 0C Model Hold 'clock_divider:CDIV|temp_clk'
Slack : -0.088
TNS   : -0.156

Type  : Fast 1100mV 0C Model Hold 'vga_sync:VSYN|vert_sync_out'
Slack : 0.272
TNS   : 0.000

Type  : Fast 1100mV 0C Model Hold 'game_logic:GLOG|MOUSE:Mouse1|MOUSE_CLK_FILTER'
Slack : 0.353
TNS   : 0.000

Type  : Fast 1100mV 0C Model Hold 'CLOCK_50'
Slack : 0.679
TNS   : 0.000

Type  : Fast 1100mV 0C Model Recovery 'game_logic:GLOG|MOUSE:Mouse1|MOUSE_CLK_FILTER'
Slack : -0.556
TNS   : -7.915

Type  : Fast 1100mV 0C Model Removal 'game_logic:GLOG|MOUSE:Mouse1|MOUSE_CLK_FILTER'
Slack : 0.221
TNS   : 0.000

Type  : Fast 1100mV 0C Model Minimum Pulse Width 'clock_divider:CDIV|temp_clk'
Slack : -2.174
TNS   : -30.955

Type  : Fast 1100mV 0C Model Minimum Pulse Width 'CLOCK_50'
Slack : -0.513
TNS   : -0.684

Type  : Fast 1100mV 0C Model Minimum Pulse Width 'game_logic:GLOG|MOUSE:Mouse1|MOUSE_CLK_FILTER'
Slack : 0.132
TNS   : 0.000

Type  : Fast 1100mV 0C Model Minimum Pulse Width 'vga_sync:VSYN|vert_sync_out'
Slack : 0.147
TNS   : 0.000

------------------------------------------------------------
