------------------------------------------------------------
Timing Analyzer Summary
------------------------------------------------------------

Type  : Slow 1100mV 85C Model Setup 'clock_divider:CDIV|temp_clk'
Slack : -4.434
TNS   : -240.549

Type  : Slow 1100mV 85C Model Setup 'MOUSE:Mouse1|MOUSE_CLK_FILTER'
Slack : -3.975
TNS   : -277.722

Type  : Slow 1100mV 85C Model Setup 'VGA_SYNC:VGA|vert_sync_out'
Slack : -3.649
TNS   : -50.513

Type  : Slow 1100mV 85C Model Setup 'Clk'
Slack : -2.688
TNS   : -2.688

Type  : Slow 1100mV 85C Model Hold 'clock_divider:CDIV|temp_clk'
Slack : 0.179
TNS   : 0.000

Type  : Slow 1100mV 85C Model Hold 'VGA_SYNC:VGA|vert_sync_out'
Slack : 0.207
TNS   : 0.000

Type  : Slow 1100mV 85C Model Hold 'MOUSE:Mouse1|MOUSE_CLK_FILTER'
Slack : 0.469
TNS   : 0.000

Type  : Slow 1100mV 85C Model Hold 'Clk'
Slack : 0.940
TNS   : 0.000

Type  : Slow 1100mV 85C Model Recovery 'MOUSE:Mouse1|MOUSE_CLK_FILTER'
Slack : -1.975
TNS   : -28.013

Type  : Slow 1100mV 85C Model Removal 'MOUSE:Mouse1|MOUSE_CLK_FILTER'
Slack : 0.603
TNS   : 0.000

Type  : Slow 1100mV 85C Model Minimum Pulse Width 'clock_divider:CDIV|temp_clk'
Slack : -0.538
TNS   : -84.982

Type  : Slow 1100mV 85C Model Minimum Pulse Width 'MOUSE:Mouse1|MOUSE_CLK_FILTER'
Slack : -0.538
TNS   : -74.961

Type  : Slow 1100mV 85C Model Minimum Pulse Width 'VGA_SYNC:VGA|vert_sync_out'
Slack : -0.538
TNS   : -18.106

Type  : Slow 1100mV 85C Model Minimum Pulse Width 'Clk'
Slack : -0.538
TNS   : -0.953

Type  : Slow 1100mV 0C Model Setup 'clock_divider:CDIV|temp_clk'
Slack : -4.447
TNS   : -240.637

Type  : Slow 1100mV 0C Model Setup 'MOUSE:Mouse1|MOUSE_CLK_FILTER'
Slack : -3.911
TNS   : -267.030

Type  : Slow 1100mV 0C Model Setup 'VGA_SYNC:VGA|vert_sync_out'
Slack : -3.700
TNS   : -50.325

Type  : Slow 1100mV 0C Model Setup 'Clk'
Slack : -2.516
TNS   : -2.516

Type  : Slow 1100mV 0C Model Hold 'clock_divider:CDIV|temp_clk'
Slack : 0.216
TNS   : 0.000

Type  : Slow 1100mV 0C Model Hold 'VGA_SYNC:VGA|vert_sync_out'
Slack : 0.271
TNS   : 0.000

Type  : Slow 1100mV 0C Model Hold 'MOUSE:Mouse1|MOUSE_CLK_FILTER'
Slack : 0.415
TNS   : 0.000

Type  : Slow 1100mV 0C Model Hold 'Clk'
Slack : 0.818
TNS   : 0.000

Type  : Slow 1100mV 0C Model Recovery 'MOUSE:Mouse1|MOUSE_CLK_FILTER'
Slack : -1.868
TNS   : -26.436

Type  : Slow 1100mV 0C Model Removal 'MOUSE:Mouse1|MOUSE_CLK_FILTER'
Slack : 0.546
TNS   : 0.000

Type  : Slow 1100mV 0C Model Minimum Pulse Width 'clock_divider:CDIV|temp_clk'
Slack : -0.538
TNS   : -83.253

Type  : Slow 1100mV 0C Model Minimum Pulse Width 'MOUSE:Mouse1|MOUSE_CLK_FILTER'
Slack : -0.538
TNS   : -72.526

Type  : Slow 1100mV 0C Model Minimum Pulse Width 'VGA_SYNC:VGA|vert_sync_out'
Slack : -0.538
TNS   : -17.672

Type  : Slow 1100mV 0C Model Minimum Pulse Width 'Clk'
Slack : -0.538
TNS   : -0.991

Type  : Fast 1100mV 85C Model Setup 'Clk'
Slack : -2.035
TNS   : -2.035

Type  : Fast 1100mV 85C Model Setup 'clock_divider:CDIV|temp_clk'
Slack : -1.858
TNS   : -87.921

Type  : Fast 1100mV 85C Model Setup 'MOUSE:Mouse1|MOUSE_CLK_FILTER'
Slack : -1.742
TNS   : -113.128

Type  : Fast 1100mV 85C Model Setup 'VGA_SYNC:VGA|vert_sync_out'
Slack : -1.629
TNS   : -24.055

Type  : Fast 1100mV 85C Model Hold 'clock_divider:CDIV|temp_clk'
Slack : -0.050
TNS   : -0.050

Type  : Fast 1100mV 85C Model Hold 'MOUSE:Mouse1|MOUSE_CLK_FILTER'
Slack : 0.003
TNS   : 0.000

Type  : Fast 1100mV 85C Model Hold 'VGA_SYNC:VGA|vert_sync_out'
Slack : 0.177
TNS   : 0.000

Type  : Fast 1100mV 85C Model Hold 'Clk'
Slack : 0.987
TNS   : 0.000

Type  : Fast 1100mV 85C Model Recovery 'MOUSE:Mouse1|MOUSE_CLK_FILTER'
Slack : -0.870
TNS   : -11.400

Type  : Fast 1100mV 85C Model Removal 'MOUSE:Mouse1|MOUSE_CLK_FILTER'
Slack : 0.070
TNS   : 0.000

Type  : Fast 1100mV 85C Model Minimum Pulse Width 'Clk'
Slack : -0.417
TNS   : -0.483

Type  : Fast 1100mV 85C Model Minimum Pulse Width 'MOUSE:Mouse1|MOUSE_CLK_FILTER'
Slack : -0.099
TNS   : -1.466

Type  : Fast 1100mV 85C Model Minimum Pulse Width 'clock_divider:CDIV|temp_clk'
Slack : -0.068
TNS   : -1.025

Type  : Fast 1100mV 85C Model Minimum Pulse Width 'VGA_SYNC:VGA|vert_sync_out'
Slack : -0.050
TNS   : -0.297

Type  : Fast 1100mV 0C Model Setup 'Clk'
Slack : -1.690
TNS   : -1.690

Type  : Fast 1100mV 0C Model Setup 'clock_divider:CDIV|temp_clk'
Slack : -1.622
TNS   : -75.890

Type  : Fast 1100mV 0C Model Setup 'MOUSE:Mouse1|MOUSE_CLK_FILTER'
Slack : -1.518
TNS   : -96.763

Type  : Fast 1100mV 0C Model Setup 'VGA_SYNC:VGA|vert_sync_out'
Slack : -1.443
TNS   : -21.184

Type  : Fast 1100mV 0C Model Hold 'clock_divider:CDIV|temp_clk'
Slack : -0.056
TNS   : -0.056

Type  : Fast 1100mV 0C Model Hold 'MOUSE:Mouse1|MOUSE_CLK_FILTER'
Slack : 0.042
TNS   : 0.000

Type  : Fast 1100mV 0C Model Hold 'VGA_SYNC:VGA|vert_sync_out'
Slack : 0.184
TNS   : 0.000

Type  : Fast 1100mV 0C Model Hold 'Clk'
Slack : 0.742
TNS   : 0.000

Type  : Fast 1100mV 0C Model Recovery 'MOUSE:Mouse1|MOUSE_CLK_FILTER'
Slack : -0.784
TNS   : -10.338

Type  : Fast 1100mV 0C Model Removal 'MOUSE:Mouse1|MOUSE_CLK_FILTER'
Slack : 0.099
TNS   : 0.000

Type  : Fast 1100mV 0C Model Minimum Pulse Width 'Clk'
Slack : -0.416
TNS   : -0.489

Type  : Fast 1100mV 0C Model Minimum Pulse Width 'MOUSE:Mouse1|MOUSE_CLK_FILTER'
Slack : -0.054
TNS   : -0.791

Type  : Fast 1100mV 0C Model Minimum Pulse Width 'clock_divider:CDIV|temp_clk'
Slack : -0.001
TNS   : -0.010

Type  : Fast 1100mV 0C Model Minimum Pulse Width 'VGA_SYNC:VGA|vert_sync_out'
Slack : 0.000
TNS   : 0.000

------------------------------------------------------------
