------------------------------------------------------------
Timing Analyzer Summary
------------------------------------------------------------

Type  : Slow 1100mV 85C Model Setup 'clock_divider:CDIV|temp_clk'
Slack : -4.245
TNS   : -232.676

Type  : Slow 1100mV 85C Model Setup 'MOUSE:Mouse1|MOUSE_CLK_FILTER'
Slack : -3.911
TNS   : -289.024

Type  : Slow 1100mV 85C Model Setup 'VGA_SYNC:VGA|vert_sync_out'
Slack : -3.663
TNS   : -51.466

Type  : Slow 1100mV 85C Model Setup 'Clk'
Slack : -2.538
TNS   : -2.538

Type  : Slow 1100mV 85C Model Hold 'MOUSE:Mouse1|MOUSE_CLK_FILTER'
Slack : 0.278
TNS   : 0.000

Type  : Slow 1100mV 85C Model Hold 'clock_divider:CDIV|temp_clk'
Slack : 0.368
TNS   : 0.000

Type  : Slow 1100mV 85C Model Hold 'VGA_SYNC:VGA|vert_sync_out'
Slack : 0.752
TNS   : 0.000

Type  : Slow 1100mV 85C Model Hold 'Clk'
Slack : 0.861
TNS   : 0.000

Type  : Slow 1100mV 85C Model Recovery 'MOUSE:Mouse1|MOUSE_CLK_FILTER'
Slack : -1.780
TNS   : -28.381

Type  : Slow 1100mV 85C Model Removal 'MOUSE:Mouse1|MOUSE_CLK_FILTER'
Slack : 0.711
TNS   : 0.000

Type  : Slow 1100mV 85C Model Minimum Pulse Width 'clock_divider:CDIV|temp_clk'
Slack : -0.538
TNS   : -78.806

Type  : Slow 1100mV 85C Model Minimum Pulse Width 'MOUSE:Mouse1|MOUSE_CLK_FILTER'
Slack : -0.538
TNS   : -76.644

Type  : Slow 1100mV 85C Model Minimum Pulse Width 'VGA_SYNC:VGA|vert_sync_out'
Slack : -0.538
TNS   : -16.487

Type  : Slow 1100mV 85C Model Minimum Pulse Width 'Clk'
Slack : -0.538
TNS   : -1.054

Type  : Slow 1100mV 0C Model Setup 'clock_divider:CDIV|temp_clk'
Slack : -4.358
TNS   : -229.951

Type  : Slow 1100mV 0C Model Setup 'MOUSE:Mouse1|MOUSE_CLK_FILTER'
Slack : -3.737
TNS   : -274.783

Type  : Slow 1100mV 0C Model Setup 'VGA_SYNC:VGA|vert_sync_out'
Slack : -3.584
TNS   : -49.946

Type  : Slow 1100mV 0C Model Setup 'Clk'
Slack : -2.382
TNS   : -2.382

Type  : Slow 1100mV 0C Model Hold 'MOUSE:Mouse1|MOUSE_CLK_FILTER'
Slack : 0.259
TNS   : 0.000

Type  : Slow 1100mV 0C Model Hold 'clock_divider:CDIV|temp_clk'
Slack : 0.346
TNS   : 0.000

Type  : Slow 1100mV 0C Model Hold 'VGA_SYNC:VGA|vert_sync_out'
Slack : 0.713
TNS   : 0.000

Type  : Slow 1100mV 0C Model Hold 'Clk'
Slack : 0.765
TNS   : 0.000

Type  : Slow 1100mV 0C Model Recovery 'MOUSE:Mouse1|MOUSE_CLK_FILTER'
Slack : -1.632
TNS   : -26.014

Type  : Slow 1100mV 0C Model Removal 'MOUSE:Mouse1|MOUSE_CLK_FILTER'
Slack : 0.615
TNS   : 0.000

Type  : Slow 1100mV 0C Model Minimum Pulse Width 'Clk'
Slack : -0.545
TNS   : -1.083

Type  : Slow 1100mV 0C Model Minimum Pulse Width 'clock_divider:CDIV|temp_clk'
Slack : -0.538
TNS   : -77.403

Type  : Slow 1100mV 0C Model Minimum Pulse Width 'MOUSE:Mouse1|MOUSE_CLK_FILTER'
Slack : -0.538
TNS   : -75.757

Type  : Slow 1100mV 0C Model Minimum Pulse Width 'VGA_SYNC:VGA|vert_sync_out'
Slack : -0.538
TNS   : -16.411

Type  : Fast 1100mV 85C Model Setup 'clock_divider:CDIV|temp_clk'
Slack : -2.046
TNS   : -92.957

Type  : Fast 1100mV 85C Model Setup 'MOUSE:Mouse1|MOUSE_CLK_FILTER'
Slack : -1.716
TNS   : -118.903

Type  : Fast 1100mV 85C Model Setup 'Clk'
Slack : -1.690
TNS   : -1.690

Type  : Fast 1100mV 85C Model Setup 'VGA_SYNC:VGA|vert_sync_out'
Slack : -1.589
TNS   : -25.336

Type  : Fast 1100mV 85C Model Hold 'MOUSE:Mouse1|MOUSE_CLK_FILTER'
Slack : 0.007
TNS   : 0.000

Type  : Fast 1100mV 85C Model Hold 'clock_divider:CDIV|temp_clk'
Slack : 0.140
TNS   : 0.000

Type  : Fast 1100mV 85C Model Hold 'VGA_SYNC:VGA|vert_sync_out'
Slack : 0.438
TNS   : 0.000

Type  : Fast 1100mV 85C Model Hold 'Clk'
Slack : 0.754
TNS   : 0.000

Type  : Fast 1100mV 85C Model Recovery 'MOUSE:Mouse1|MOUSE_CLK_FILTER'
Slack : -0.741
TNS   : -11.824

Type  : Fast 1100mV 85C Model Removal 'MOUSE:Mouse1|MOUSE_CLK_FILTER'
Slack : 0.156
TNS   : 0.000

Type  : Fast 1100mV 85C Model Minimum Pulse Width 'Clk'
Slack : -0.494
TNS   : -0.640

Type  : Fast 1100mV 85C Model Minimum Pulse Width 'MOUSE:Mouse1|MOUSE_CLK_FILTER'
Slack : -0.101
TNS   : -3.310

Type  : Fast 1100mV 85C Model Minimum Pulse Width 'clock_divider:CDIV|temp_clk'
Slack : -0.093
TNS   : -1.419

Type  : Fast 1100mV 85C Model Minimum Pulse Width 'VGA_SYNC:VGA|vert_sync_out'
Slack : 0.099
TNS   : 0.000

Type  : Fast 1100mV 0C Model Setup 'clock_divider:CDIV|temp_clk'
Slack : -1.781
TNS   : -79.952

Type  : Fast 1100mV 0C Model Setup 'MOUSE:Mouse1|MOUSE_CLK_FILTER'
Slack : -1.477
TNS   : -101.618

Type  : Fast 1100mV 0C Model Setup 'Clk'
Slack : -1.394
TNS   : -1.394

Type  : Fast 1100mV 0C Model Setup 'VGA_SYNC:VGA|vert_sync_out'
Slack : -1.390
TNS   : -22.352

Type  : Fast 1100mV 0C Model Hold 'MOUSE:Mouse1|MOUSE_CLK_FILTER'
Slack : 0.033
TNS   : 0.000

Type  : Fast 1100mV 0C Model Hold 'clock_divider:CDIV|temp_clk'
Slack : 0.097
TNS   : 0.000

Type  : Fast 1100mV 0C Model Hold 'VGA_SYNC:VGA|vert_sync_out'
Slack : 0.385
TNS   : 0.000

Type  : Fast 1100mV 0C Model Hold 'Clk'
Slack : 0.526
TNS   : 0.000

Type  : Fast 1100mV 0C Model Recovery 'MOUSE:Mouse1|MOUSE_CLK_FILTER'
Slack : -0.655
TNS   : -10.447

Type  : Fast 1100mV 0C Model Removal 'MOUSE:Mouse1|MOUSE_CLK_FILTER'
Slack : 0.166
TNS   : 0.000

Type  : Fast 1100mV 0C Model Minimum Pulse Width 'Clk'
Slack : -0.476
TNS   : -0.610

Type  : Fast 1100mV 0C Model Minimum Pulse Width 'MOUSE:Mouse1|MOUSE_CLK_FILTER'
Slack : -0.053
TNS   : -1.356

Type  : Fast 1100mV 0C Model Minimum Pulse Width 'clock_divider:CDIV|temp_clk'
Slack : -0.029
TNS   : -0.230

Type  : Fast 1100mV 0C Model Minimum Pulse Width 'VGA_SYNC:VGA|vert_sync_out'
Slack : 0.123
TNS   : 0.000

------------------------------------------------------------
