------------------------------------------------------------
Timing Analyzer Summary
------------------------------------------------------------

Type  : Slow 1100mV 85C Model Setup 'clock_divider:Clk1|temp_clk'
Slack : -4.275
TNS   : -154.376

Type  : Slow 1100mV 85C Model Setup 'clk'
Slack : -2.032
TNS   : -2.032

Type  : Slow 1100mV 85C Model Hold 'clk'
Slack : 0.583
TNS   : 0.000

Type  : Slow 1100mV 85C Model Hold 'clock_divider:Clk1|temp_clk'
Slack : 0.699
TNS   : 0.000

Type  : Slow 1100mV 85C Model Minimum Pulse Width 'clock_divider:Clk1|temp_clk'
Slack : -2.636
TNS   : -75.414

Type  : Slow 1100mV 85C Model Minimum Pulse Width 'clk'
Slack : -0.538
TNS   : -0.891

Type  : Slow 1100mV 0C Model Setup 'clock_divider:Clk1|temp_clk'
Slack : -4.456
TNS   : -150.773

Type  : Slow 1100mV 0C Model Setup 'clk'
Slack : -1.975
TNS   : -1.975

Type  : Slow 1100mV 0C Model Hold 'clk'
Slack : 0.531
TNS   : 0.000

Type  : Slow 1100mV 0C Model Hold 'clock_divider:Clk1|temp_clk'
Slack : 0.721
TNS   : 0.000

Type  : Slow 1100mV 0C Model Minimum Pulse Width 'clock_divider:Clk1|temp_clk'
Slack : -2.636
TNS   : -74.915

Type  : Slow 1100mV 0C Model Minimum Pulse Width 'clk'
Slack : -0.538
TNS   : -0.897

Type  : Fast 1100mV 85C Model Setup 'clock_divider:Clk1|temp_clk'
Slack : -1.955
TNS   : -62.828

Type  : Fast 1100mV 85C Model Setup 'clk'
Slack : -1.409
TNS   : -1.409

Type  : Fast 1100mV 85C Model Hold 'clock_divider:Clk1|temp_clk'
Slack : 0.247
TNS   : 0.000

Type  : Fast 1100mV 85C Model Hold 'clk'
Slack : 0.585
TNS   : 0.000

Type  : Fast 1100mV 85C Model Minimum Pulse Width 'clock_divider:Clk1|temp_clk'
Slack : -2.174
TNS   : -30.922

Type  : Fast 1100mV 85C Model Minimum Pulse Width 'clk'
Slack : -0.323
TNS   : -0.323

Type  : Fast 1100mV 0C Model Setup 'clock_divider:Clk1|temp_clk'
Slack : -1.854
TNS   : -53.567

Type  : Fast 1100mV 0C Model Setup 'clk'
Slack : -1.141
TNS   : -1.141

Type  : Fast 1100mV 0C Model Hold 'clock_divider:Clk1|temp_clk'
Slack : 0.228
TNS   : 0.000

Type  : Fast 1100mV 0C Model Hold 'clk'
Slack : 0.353
TNS   : 0.000

Type  : Fast 1100mV 0C Model Minimum Pulse Width 'clock_divider:Clk1|temp_clk'
Slack : -2.174
TNS   : -30.826

Type  : Fast 1100mV 0C Model Minimum Pulse Width 'clk'
Slack : -0.322
TNS   : -0.322

------------------------------------------------------------
